{:ok,
 %{
   __struct__: IGC.Extensions,
   extensions: %{
     "ACZ" => {45, 47},
     "FXA" => {36, 38},
     "SIU" => {39, 40},
     "VAT" => {41, 44},
     "VXA" => {48, 50}
   }
 }}